// Jest Snapshot v1, https://goo.gl/fbAQLP

exports[`Logo component Logo component render 1`] = `
<Link
  className="makeStyles-logoWrap-1"
  style={null}
  to="/"
>
  <span
    className="makeStyles-logoTitle-2"
    style={null}
  >
    ParfuMan
  </span>
</Link>
`;
