// Jest Snapshot v1, https://goo.gl/fbAQLP

exports[`AdvantagesList component AdvantagesList component render 1`] = `
<div
  className="makeStyles-advantagesWrap-1"
>
  <AdvantagesItem
    description="Отправления и доставка товара в любой день в любое время, в кратчайшие сроки!"
    key="1"
    logo={
      Object {
        "icon": Array [
          512,
          512,
          Array [],
          "f1d8",
          "M440 6.5L24 246.4c-34.4 19.9-31.1 70.8 5.7 85.9L144 379.6V464c0 46.4 59.2 65.5 86.6 28.6l43.8-59.1 111.9 46.2c5.9 2.4 12.1 3.6 18.3 3.6 8.2 0 16.3-2.1 23.6-6.2 12.8-7.2 21.6-20 23.9-34.5l59.4-387.2c6.1-40.1-36.9-68.8-71.5-48.9zM192 464v-64.6l36.6 15.1L192 464zm212.6-28.7l-153.8-63.5L391 169.5c10.7-15.5-9.5-33.5-23.7-21.2L155.8 332.6 48 288 464 48l-59.4 387.3z",
        ],
        "iconName": "paper-plane",
        "prefix": "far",
      }
    }
    title="Быстрая Доставка"
  />
  <AdvantagesItem
    description="Отправка-получение товара по принципу «с рук в руки», оплачивай товар после получения!"
    key="2"
    logo={
      Object {
        "icon": Array [
          576,
          512,
          Array [],
          "f06e",
          "M288 144a110.94 110.94 0 0 0-31.24 5 55.4 55.4 0 0 1 7.24 27 56 56 0 0 1-56 56 55.4 55.4 0 0 1-27-7.24A111.71 111.71 0 1 0 288 144zm284.52 97.4C518.29 135.59 410.93 64 288 64S57.68 135.64 3.48 241.41a32.35 32.35 0 0 0 0 29.19C57.71 376.41 165.07 448 288 448s230.32-71.64 284.52-177.41a32.35 32.35 0 0 0 0-29.19zM288 400c-98.65 0-189.09-55-237.93-144C98.91 167 189.34 112 288 112s189.09 55 237.93 144C477.1 345 386.66 400 288 400z",
        ],
        "iconName": "eye",
        "prefix": "far",
      }
    }
    title="Безопасный Заказ"
  />
  <AdvantagesItem
    description="Полный, 100% возврат средств при несоответствии товара вашим ожиданиям!"
    key="3"
    logo={
      Object {
        "icon": Array [
          576,
          512,
          Array [],
          "f14d",
          "M561.938 158.06L417.94 14.092C387.926-15.922 336 5.097 336 48.032v57.198c-42.45 1.88-84.03 6.55-120.76 17.99-35.17 10.95-63.07 27.58-82.91 49.42C108.22 199.2 96 232.6 96 271.94c0 61.697 33.178 112.455 84.87 144.76 37.546 23.508 85.248-12.651 71.02-55.74-15.515-47.119-17.156-70.923 84.11-78.76V336c0 42.993 51.968 63.913 81.94 33.94l143.998-144c18.75-18.74 18.75-49.14 0-67.88zM384 336V232.16C255.309 234.082 166.492 255.35 206.31 376 176.79 357.55 144 324.08 144 271.94c0-109.334 129.14-118.947 240-119.85V48l144 144-144 144zm24.74 84.493a82.658 82.658 0 0 0 20.974-9.303c7.976-4.952 18.286.826 18.286 10.214V464c0 26.51-21.49 48-48 48H48c-26.51 0-48-21.49-48-48V112c0-26.51 21.49-48 48-48h132c6.627 0 12 5.373 12 12v4.486c0 4.917-2.987 9.369-7.569 11.152-13.702 5.331-26.396 11.537-38.05 18.585a12.138 12.138 0 0 1-6.28 1.777H54a6 6 0 0 0-6 6v340a6 6 0 0 0 6 6h340a6 6 0 0 0 6-6v-25.966c0-5.37 3.579-10.059 8.74-11.541z",
        ],
        "iconName": "share-square",
        "prefix": "far",
      }
    }
    title="Бесплатный Возврат"
  />
</div>
`;
